
> react-kavia@0.1.0 start
> cross-env EDIT_MODE=true webpack serve --config .ve/webpack.config.js --mode development

<i> [webpack-dev-server] Project is running at:
<i> [webpack-dev-server] Loopback: http://localhost:3000/, http://[::1]:3000/
<i> [webpack-dev-server] On Your Network (IPv4): http://172.17.0.2:3000/
<i> [webpack-dev-server] Content not from webpack is served from './public' directory
Injecting EditorRootWrapper import: ../.ve/EditorRootWrapper
asset bundle.js 1.39 MiB [emitted] (name: main)
asset index.html 1.92 KiB [emitted]
runtime modules 27.5 KiB 14 modules
modules by path ./node_modules/ 1.24 MiB 31 modules
modules by path ./src/ 10.3 KiB
  modules by path ./src/*.css 7.49 KiB 4 modules
  modules by path ./src/*.js 2.76 KiB
    ./src/index.js 530 bytes [built] [code generated]
    ./src/App.js 2.24 KiB [built] [code generated]
modules by path ./.ve/ 15.1 KiB
  modules by path ./.ve/*.js 10.6 KiB 2 modules
  modules by path ./.ve/*.css 2.93 KiB
    ./.ve/EditorOverlay.css 2.25 KiB [built] [code generated]
    ./node_modules/css-loader/dist/cjs.js!./.ve/EditorOverlay.css 697 bytes [built] [code generated]
  ./.ve/EditorOverlay.jsx 1.58 KiB [built] [code generated]
webpack 5.99.9 compiled successfully in 1424 ms
assets by status 1.92 KiB [cached] 1 asset
assets by path *.js 1.42 MiB
  asset bundle.js 1.4 MiB [emitted] (name: main)
  asset main.48378a392ce37320d7bf.hot-update.js 17 KiB [emitted] [immutable] [hmr] (name: main)
asset main.48378a392ce37320d7bf.hot-update.json 28 bytes [emitted] [immutable] [hmr]
Entrypoint main 1.42 MiB = bundle.js 1.4 MiB main.48378a392ce37320d7bf.hot-update.js 17 KiB
cached modules 1.26 MiB [cached] 41 modules
runtime modules 27.5 KiB 14 modules
javascript modules 7.52 KiB
  ./src/App.js 6.89 KiB [built] [code generated]
  ./src/auth.js 651 bytes [built] [code generated]

ERROR in ./src/App.js 3:0-97
Module not found: Error: Can't resolve 'react-router-dom' in '/home/kavia/workspace/code-generation/kollywood-quizmaster-38781-4911cfe1/kollywood_quizmaster/src'
 @ ./src/index.js 5:0-24 11:32-35

ERROR in ./src/App.js 5:0-39
Module not found: Error: Can't resolve './components/Login' in '/home/kavia/workspace/code-generation/kollywood-quizmaster-38781-4911cfe1/kollywood_quizmaster/src'
 @ ./src/index.js 5:0-24 11:32-35

ERROR in ./src/App.js 6:0-47
Module not found: Error: Can't resolve './components/Dashboard' in '/home/kavia/workspace/code-generation/kollywood-quizmaster-38781-4911cfe1/kollywood_quizmaster/src'
 @ ./src/index.js 5:0-24 11:32-35

ERROR in ./src/App.js 7:0-63
Module not found: Error: Can't resolve './components/BlurredPosterQuiz' in '/home/kavia/workspace/code-generation/kollywood-quizmaster-38781-4911cfe1/kollywood_quizmaster/src'
 @ ./src/index.js 5:0-24 11:32-35

ERROR in ./src/App.js 8:0-67
Module not found: Error: Can't resolve './components/CharacterMovieMatch' in '/home/kavia/workspace/code-generation/kollywood-quizmaster-38781-4911cfe1/kollywood_quizmaster/src'
 @ ./src/index.js 5:0-24 11:32-35

ERROR in ./src/App.js 9:0-49
Module not found: Error: Can't resolve './components/MovieBingo' in '/home/kavia/workspace/code-generation/kollywood-quizmaster-38781-4911cfe1/kollywood_quizmaster/src'
 @ ./src/index.js 5:0-24 11:32-35

ERROR in ./src/App.js 10:0-53
Module not found: Error: Can't resolve './components/TimelineQuiz' in '/home/kavia/workspace/code-generation/kollywood-quizmaster-38781-4911cfe1/kollywood_quizmaster/src'
 @ ./src/index.js 5:0-24 11:32-35

ERROR in ./src/App.js 11:0-47
Module not found: Error: Can't resolve './components/SpinWheel' in '/home/kavia/workspace/code-generation/kollywood-quizmaster-38781-4911cfe1/kollywood_quizmaster/src'
 @ ./src/index.js 5:0-24 11:32-35

ERROR in ./src/App.js 12:0-47
Module not found: Error: Can't resolve './components/CastCombo' in '/home/kavia/workspace/code-generation/kollywood-quizmaster-38781-4911cfe1/kollywood_quizmaster/src'
 @ ./src/index.js 5:0-24 11:32-35

ERROR in ./src/App.js 13:0-51
Module not found: Error: Can't resolve './components/ResultsPage' in '/home/kavia/workspace/code-generation/kollywood-quizmaster-38781-4911cfe1/kollywood_quizmaster/src'
 @ ./src/index.js 5:0-24 11:32-35

10 errors have detailed information that is not shown.
Use 'stats.errorDetails: true' resp. '--stats-error-details' to show it.

webpack 5.99.9 compiled with 10 errors in 172 ms
assets by status 1.92 KiB [cached] 1 asset
assets by path *.js 1.41 MiB
  asset bundle.js 1.4 MiB [emitted] (name: main)
  asset main.223885a6b676ef855589.hot-update.js 4.72 KiB [emitted] [immutable] [hmr] (name: main)
asset main.223885a6b676ef855589.hot-update.json 28 bytes [emitted] [immutable] [hmr]
Entrypoint main 1.41 MiB = bundle.js 1.4 MiB main.223885a6b676ef855589.hot-update.js 4.72 KiB
cached modules 1.27 MiB [cached] 42 modules
runtime modules 27.5 KiB 14 modules
./node_modules/css-loader/dist/cjs.js!./src/App.css 2.25 KiB [built] [code generated]

ERROR in ./src/App.js 3:0-97
Module not found: Error: Can't resolve 'react-router-dom' in '/home/kavia/workspace/code-generation/kollywood-quizmaster-38781-4911cfe1/kollywood_quizmaster/src'
 @ ./src/index.js 5:0-24 11:32-35

ERROR in ./src/App.js 5:0-39
Module not found: Error: Can't resolve './components/Login' in '/home/kavia/workspace/code-generation/kollywood-quizmaster-38781-4911cfe1/kollywood_quizmaster/src'
 @ ./src/index.js 5:0-24 11:32-35

ERROR in ./src/App.js 6:0-47
Module not found: Error: Can't resolve './components/Dashboard' in '/home/kavia/workspace/code-generation/kollywood-quizmaster-38781-4911cfe1/kollywood_quizmaster/src'
 @ ./src/index.js 5:0-24 11:32-35

ERROR in ./src/App.js 7:0-63
Module not found: Error: Can't resolve './components/BlurredPosterQuiz' in '/home/kavia/workspace/code-generation/kollywood-quizmaster-38781-4911cfe1/kollywood_quizmaster/src'
 @ ./src/index.js 5:0-24 11:32-35

ERROR in ./src/App.js 8:0-67
Module not found: Error: Can't resolve './components/CharacterMovieMatch' in '/home/kavia/workspace/code-generation/kollywood-quizmaster-38781-4911cfe1/kollywood_quizmaster/src'
 @ ./src/index.js 5:0-24 11:32-35

ERROR in ./src/App.js 9:0-49
Module not found: Error: Can't resolve './components/MovieBingo' in '/home/kavia/workspace/code-generation/kollywood-quizmaster-38781-4911cfe1/kollywood_quizmaster/src'
 @ ./src/index.js 5:0-24 11:32-35

ERROR in ./src/App.js 10:0-53
Module not found: Error: Can't resolve './components/TimelineQuiz' in '/home/kavia/workspace/code-generation/kollywood-quizmaster-38781-4911cfe1/kollywood_quizmaster/src'
 @ ./src/index.js 5:0-24 11:32-35

ERROR in ./src/App.js 11:0-47
Module not found: Error: Can't resolve './components/SpinWheel' in '/home/kavia/workspace/code-generation/kollywood-quizmaster-38781-4911cfe1/kollywood_quizmaster/src'
 @ ./src/index.js 5:0-24 11:32-35

ERROR in ./src/App.js 12:0-47
Module not found: Error: Can't resolve './components/CastCombo' in '/home/kavia/workspace/code-generation/kollywood-quizmaster-38781-4911cfe1/kollywood_quizmaster/src'
 @ ./src/index.js 5:0-24 11:32-35

ERROR in ./src/App.js 13:0-51
Module not found: Error: Can't resolve './components/ResultsPage' in '/home/kavia/workspace/code-generation/kollywood-quizmaster-38781-4911cfe1/kollywood_quizmaster/src'
 @ ./src/index.js 5:0-24 11:32-35

10 errors have detailed information that is not shown.
Use 'stats.errorDetails: true' resp. '--stats-error-details' to show it.

webpack 5.99.9 compiled with 10 errors in 54 ms
Injecting EditorRootWrapper import: ../.ve/EditorRootWrapper
assets by status 1.92 KiB [cached] 1 asset
assets by path *.js 1.41 MiB
  asset bundle.js 1.4 MiB [emitted] (name: main)
  asset main.281a1b2e271dd9a33ac2.hot-update.js 3.19 KiB [emitted] [immutable] [hmr] (name: main)
asset main.281a1b2e271dd9a33ac2.hot-update.json 28 bytes [emitted] [immutable] [hmr]
Entrypoint main 1.41 MiB = bundle.js 1.4 MiB main.281a1b2e271dd9a33ac2.hot-update.js 3.19 KiB
cached modules 1.27 MiB [cached] 42 modules
runtime modules 27.5 KiB 14 modules
./src/index.js 688 bytes [built] [code generated]

ERROR in ./src/App.js 3:0-97
Module not found: Error: Can't resolve 'react-router-dom' in '/home/kavia/workspace/code-generation/kollywood-quizmaster-38781-4911cfe1/kollywood_quizmaster/src'
 @ ./src/index.js 5:0-24 14:34-37

ERROR in ./src/App.js 5:0-39
Module not found: Error: Can't resolve './components/Login' in '/home/kavia/workspace/code-generation/kollywood-quizmaster-38781-4911cfe1/kollywood_quizmaster/src'
 @ ./src/index.js 5:0-24 14:34-37

ERROR in ./src/App.js 6:0-47
Module not found: Error: Can't resolve './components/Dashboard' in '/home/kavia/workspace/code-generation/kollywood-quizmaster-38781-4911cfe1/kollywood_quizmaster/src'
 @ ./src/index.js 5:0-24 14:34-37

ERROR in ./src/App.js 7:0-63
Module not found: Error: Can't resolve './components/BlurredPosterQuiz' in '/home/kavia/workspace/code-generation/kollywood-quizmaster-38781-4911cfe1/kollywood_quizmaster/src'
 @ ./src/index.js 5:0-24 14:34-37

ERROR in ./src/App.js 8:0-67
Module not found: Error: Can't resolve './components/CharacterMovieMatch' in '/home/kavia/workspace/code-generation/kollywood-quizmaster-38781-4911cfe1/kollywood_quizmaster/src'
 @ ./src/index.js 5:0-24 14:34-37

ERROR in ./src/App.js 9:0-49
Module not found: Error: Can't resolve './components/MovieBingo' in '/home/kavia/workspace/code-generation/kollywood-quizmaster-38781-4911cfe1/kollywood_quizmaster/src'
 @ ./src/index.js 5:0-24 14:34-37

ERROR in ./src/App.js 10:0-53
Module not found: Error: Can't resolve './components/TimelineQuiz' in '/home/kavia/workspace/code-generation/kollywood-quizmaster-38781-4911cfe1/kollywood_quizmaster/src'
 @ ./src/index.js 5:0-24 14:34-37

ERROR in ./src/App.js 11:0-47
Module not found: Error: Can't resolve './components/SpinWheel' in '/home/kavia/workspace/code-generation/kollywood-quizmaster-38781-4911cfe1/kollywood_quizmaster/src'
 @ ./src/index.js 5:0-24 14:34-37

ERROR in ./src/App.js 12:0-47
Module not found: Error: Can't resolve './components/CastCombo' in '/home/kavia/workspace/code-generation/kollywood-quizmaster-38781-4911cfe1/kollywood_quizmaster/src'
 @ ./src/index.js 5:0-24 14:34-37

ERROR in ./src/App.js 13:0-51
Module not found: Error: Can't resolve './components/ResultsPage' in '/home/kavia/workspace/code-generation/kollywood-quizmaster-38781-4911cfe1/kollywood_quizmaster/src'
 @ ./src/index.js 5:0-24 14:34-37

ERROR in ./src/index.js 6:0-49
Module not found: Error: Can't resolve 'react-router-dom' in '/home/kavia/workspace/code-generation/kollywood-quizmaster-38781-4911cfe1/kollywood_quizmaster/src'

11 errors have detailed information that is not shown.
Use 'stats.errorDetails: true' resp. '--stats-error-details' to show it.

webpack 5.99.9 compiled with 11 errors in 50 ms
assets by status 1.92 KiB [cached] 1 asset
assets by path *.js 1.43 MiB
  asset bundle.js 1.41 MiB [emitted] (name: main)
  asset main.3324ec155bdeecf8f803.hot-update.js 20.1 KiB [emitted] [immutable] [hmr] (name: main)
asset main.3324ec155bdeecf8f803.hot-update.json 28 bytes [emitted] [immutable] [hmr]
Entrypoint main 1.43 MiB = bundle.js 1.41 MiB main.3324ec155bdeecf8f803.hot-update.js 20.1 KiB
cached modules 1.26 MiB [cached] 42 modules
runtime modules 27.5 KiB 14 modules
javascript modules 9.46 KiB
  ./src/App.js 6.89 KiB [code generated]
  ./src/components/Login.js 2.58 KiB [built] [code generated]

ERROR in ./src/App.js 3:0-97
Module not found: Error: Can't resolve 'react-router-dom' in '/home/kavia/workspace/code-generation/kollywood-quizmaster-38781-4911cfe1/kollywood_quizmaster/src'
 @ ./src/index.js 5:0-24 14:34-37

ERROR in ./src/App.js 6:0-47
Module not found: Error: Can't resolve './components/Dashboard' in '/home/kavia/workspace/code-generation/kollywood-quizmaster-38781-4911cfe1/kollywood_quizmaster/src'
 @ ./src/index.js 5:0-24 14:34-37

ERROR in ./src/App.js 7:0-63
Module not found: Error: Can't resolve './components/BlurredPosterQuiz' in '/home/kavia/workspace/code-generation/kollywood-quizmaster-38781-4911cfe1/kollywood_quizmaster/src'
 @ ./src/index.js 5:0-24 14:34-37

ERROR in ./src/App.js 8:0-67
Module not found: Error: Can't resolve './components/CharacterMovieMatch' in '/home/kavia/workspace/code-generation/kollywood-quizmaster-38781-4911cfe1/kollywood_quizmaster/src'
 @ ./src/index.js 5:0-24 14:34-37

ERROR in ./src/App.js 9:0-49
Module not found: Error: Can't resolve './components/MovieBingo' in '/home/kavia/workspace/code-generation/kollywood-quizmaster-38781-4911cfe1/kollywood_quizmaster/src'
 @ ./src/index.js 5:0-24 14:34-37

ERROR in ./src/App.js 10:0-53
Module not found: Error: Can't resolve './components/TimelineQuiz' in '/home/kavia/workspace/code-generation/kollywood-quizmaster-38781-4911cfe1/kollywood_quizmaster/src'
 @ ./src/index.js 5:0-24 14:34-37

ERROR in ./src/App.js 11:0-47
Module not found: Error: Can't resolve './components/SpinWheel' in '/home/kavia/workspace/code-generation/kollywood-quizmaster-38781-4911cfe1/kollywood_quizmaster/src'
 @ ./src/index.js 5:0-24 14:34-37

ERROR in ./src/App.js 12:0-47
Module not found: Error: Can't resolve './components/CastCombo' in '/home/kavia/workspace/code-generation/kollywood-quizmaster-38781-4911cfe1/kollywood_quizmaster/src'
 @ ./src/index.js 5:0-24 14:34-37

ERROR in ./src/App.js 13:0-51
Module not found: Error: Can't resolve './components/ResultsPage' in '/home/kavia/workspace/code-generation/kollywood-quizmaster-38781-4911cfe1/kollywood_quizmaster/src'
 @ ./src/index.js 5:0-24 14:34-37

ERROR in ./src/components/Login.js 3:0-47
Module not found: Error: Can't resolve 'react-router-dom' in '/home/kavia/workspace/code-generation/kollywood-quizmaster-38781-4911cfe1/kollywood_quizmaster/src/components'
 @ ./src/App.js 5:0-39 101:43-48
 @ ./src/index.js 5:0-24 14:34-37

ERROR in ./src/index.js 6:0-49
Module not found: Error: Can't resolve 'react-router-dom' in '/home/kavia/workspace/code-generation/kollywood-quizmaster-38781-4911cfe1/kollywood_quizmaster/src'

11 errors have detailed information that is not shown.
Use 'stats.errorDetails: true' resp. '--stats-error-details' to show it.

webpack 5.99.9 compiled with 11 errors in 63 ms
assets by status 1.92 KiB [cached] 1 asset
assets by path *.js 1.44 MiB
  asset bundle.js 1.41 MiB [emitted] (name: main)
  asset main.9663e5adb9c4ef036330.hot-update.js 22 KiB [emitted] [immutable] [hmr] (name: main)
asset main.9663e5adb9c4ef036330.hot-update.json 28 bytes [emitted] [immutable] [hmr]
Entrypoint main 1.44 MiB = bundle.js 1.41 MiB main.9663e5adb9c4ef036330.hot-update.js 22 KiB
cached modules 1.27 MiB [cached] 43 modules
runtime modules 27.5 KiB 14 modules
javascript modules 11.3 KiB
  ./src/App.js 6.89 KiB [code generated]
  ./src/components/Dashboard.js 4.45 KiB [built] [code generated]

ERROR in ./src/App.js 3:0-97
Module not found: Error: Can't resolve 'react-router-dom' in '/home/kavia/workspace/code-generation/kollywood-quizmaster-38781-4911cfe1/kollywood_quizmaster/src'
 @ ./src/index.js 5:0-24 14:34-37

ERROR in ./src/App.js 7:0-63
Module not found: Error: Can't resolve './components/BlurredPosterQuiz' in '/home/kavia/workspace/code-generation/kollywood-quizmaster-38781-4911cfe1/kollywood_quizmaster/src'
 @ ./src/index.js 5:0-24 14:34-37

ERROR in ./src/App.js 8:0-67
Module not found: Error: Can't resolve './components/CharacterMovieMatch' in '/home/kavia/workspace/code-generation/kollywood-quizmaster-38781-4911cfe1/kollywood_quizmaster/src'
 @ ./src/index.js 5:0-24 14:34-37

ERROR in ./src/App.js 9:0-49
Module not found: Error: Can't resolve './components/MovieBingo' in '/home/kavia/workspace/code-generation/kollywood-quizmaster-38781-4911cfe1/kollywood_quizmaster/src'
 @ ./src/index.js 5:0-24 14:34-37

ERROR in ./src/App.js 10:0-53
Module not found: Error: Can't resolve './components/TimelineQuiz' in '/home/kavia/workspace/code-generation/kollywood-quizmaster-38781-4911cfe1/kollywood_quizmaster/src'
 @ ./src/index.js 5:0-24 14:34-37

ERROR in ./src/App.js 11:0-47
Module not found: Error: Can't resolve './components/SpinWheel' in '/home/kavia/workspace/code-generation/kollywood-quizmaster-38781-4911cfe1/kollywood_quizmaster/src'
 @ ./src/index.js 5:0-24 14:34-37

ERROR in ./src/App.js 12:0-47
Module not found: Error: Can't resolve './components/CastCombo' in '/home/kavia/workspace/code-generation/kollywood-quizmaster-38781-4911cfe1/kollywood_quizmaster/src'
 @ ./src/index.js 5:0-24 14:34-37

ERROR in ./src/App.js 13:0-51
Module not found: Error: Can't resolve './components/ResultsPage' in '/home/kavia/workspace/code-generation/kollywood-quizmaster-38781-4911cfe1/kollywood_quizmaster/src'
 @ ./src/index.js 5:0-24 14:34-37

ERROR in ./src/components/Dashboard.js 2:0-47
Module not found: Error: Can't resolve 'react-router-dom' in '/home/kavia/workspace/code-generation/kollywood-quizmaster-38781-4911cfe1/kollywood_quizmaster/src/components'
 @ ./src/App.js 6:0-47 120:43-52
 @ ./src/index.js 5:0-24 14:34-37

ERROR in ./src/components/Login.js 3:0-47
Module not found: Error: Can't resolve 'react-router-dom' in '/home/kavia/workspace/code-generation/kollywood-quizmaster-38781-4911cfe1/kollywood_quizmaster/src/components'
 @ ./src/App.js 5:0-39 101:43-48
 @ ./src/index.js 5:0-24 14:34-37

ERROR in ./src/index.js 6:0-49
Module not found: Error: Can't resolve 'react-router-dom' in '/home/kavia/workspace/code-generation/kollywood-quizmaster-38781-4911cfe1/kollywood_quizmaster/src'

11 errors have detailed information that is not shown.
Use 'stats.errorDetails: true' resp. '--stats-error-details' to show it.

webpack 5.99.9 compiled with 11 errors in 77 ms
assets by status 1.92 KiB [cached] 1 asset
assets by path *.js 1.46 MiB
  asset bundle.js 1.43 MiB [emitted] (name: main)
  asset main.8932ba208c8c4290ef20.hot-update.js 33.3 KiB [emitted] [immutable] [hmr] (name: main)
asset main.8932ba208c8c4290ef20.hot-update.json 28 bytes [emitted] [immutable] [hmr]
Entrypoint main 1.46 MiB = bundle.js 1.43 MiB main.8932ba208c8c4290ef20.hot-update.js 33.3 KiB
cached modules 1.27 MiB [cached] 44 modules
runtime modules 27.5 KiB 14 modules
javascript modules 20.3 KiB
  ./src/App.js 6.89 KiB [code generated]
  ./src/components/BlurredPosterQuiz.js 8.95 KiB [built] [code generated]
  ./src/tmdb.js 4.43 KiB [built] [code generated]

ERROR in ./src/App.js 3:0-97
Module not found: Error: Can't resolve 'react-router-dom' in '/home/kavia/workspace/code-generation/kollywood-quizmaster-38781-4911cfe1/kollywood_quizmaster/src'
 @ ./src/index.js 5:0-24 14:34-37

ERROR in ./src/App.js 8:0-67
Module not found: Error: Can't resolve './components/CharacterMovieMatch' in '/home/kavia/workspace/code-generation/kollywood-quizmaster-38781-4911cfe1/kollywood_quizmaster/src'
 @ ./src/index.js 5:0-24 14:34-37

ERROR in ./src/App.js 9:0-49
Module not found: Error: Can't resolve './components/MovieBingo' in '/home/kavia/workspace/code-generation/kollywood-quizmaster-38781-4911cfe1/kollywood_quizmaster/src'
 @ ./src/index.js 5:0-24 14:34-37

ERROR in ./src/App.js 10:0-53
Module not found: Error: Can't resolve './components/TimelineQuiz' in '/home/kavia/workspace/code-generation/kollywood-quizmaster-38781-4911cfe1/kollywood_quizmaster/src'
 @ ./src/index.js 5:0-24 14:34-37

ERROR in ./src/App.js 11:0-47
Module not found: Error: Can't resolve './components/SpinWheel' in '/home/kavia/workspace/code-generation/kollywood-quizmaster-38781-4911cfe1/kollywood_quizmaster/src'
 @ ./src/index.js 5:0-24 14:34-37

ERROR in ./src/App.js 12:0-47
Module not found: Error: Can't resolve './components/CastCombo' in '/home/kavia/workspace/code-generation/kollywood-quizmaster-38781-4911cfe1/kollywood_quizmaster/src'
 @ ./src/index.js 5:0-24 14:34-37

ERROR in ./src/App.js 13:0-51
Module not found: Error: Can't resolve './components/ResultsPage' in '/home/kavia/workspace/code-generation/kollywood-quizmaster-38781-4911cfe1/kollywood_quizmaster/src'
 @ ./src/index.js 5:0-24 14:34-37

ERROR in ./src/components/BlurredPosterQuiz.js 3:0-47
Module not found: Error: Can't resolve 'react-router-dom' in '/home/kavia/workspace/code-generation/kollywood-quizmaster-38781-4911cfe1/kollywood_quizmaster/src/components'
 @ ./src/App.js 7:0-63 127:43-60
 @ ./src/index.js 5:0-24 14:34-37

ERROR in ./src/components/Dashboard.js 2:0-47
Module not found: Error: Can't resolve 'react-router-dom' in '/home/kavia/workspace/code-generation/kollywood-quizmaster-38781-4911cfe1/kollywood_quizmaster/src/components'
 @ ./src/App.js 6:0-47 120:43-52
 @ ./src/index.js 5:0-24 14:34-37

ERROR in ./src/components/Login.js 3:0-47
Module not found: Error: Can't resolve 'react-router-dom' in '/home/kavia/workspace/code-generation/kollywood-quizmaster-38781-4911cfe1/kollywood_quizmaster/src/components'
 @ ./src/App.js 5:0-39 101:43-48
 @ ./src/index.js 5:0-24 14:34-37

ERROR in ./src/index.js 6:0-49
Module not found: Error: Can't resolve 'react-router-dom' in '/home/kavia/workspace/code-generation/kollywood-quizmaster-38781-4911cfe1/kollywood_quizmaster/src'

11 errors have detailed information that is not shown.
Use 'stats.errorDetails: true' resp. '--stats-error-details' to show it.

webpack 5.99.9 compiled with 11 errors in 97 ms
assets by status 1.92 KiB [cached] 1 asset
assets by path *.js 1.46 MiB
  asset bundle.js 1.44 MiB [emitted] (name: main)
  asset main.bbaf148c3892d0dbb095.hot-update.js 24.5 KiB [emitted] [immutable] [hmr] (name: main)
asset main.bbaf148c3892d0dbb095.hot-update.json 28 bytes [emitted] [immutable] [hmr]
Entrypoint main 1.46 MiB = bundle.js 1.44 MiB main.bbaf148c3892d0dbb095.hot-update.js 24.5 KiB
cached modules 1.28 MiB [cached] 46 modules
runtime modules 27.5 KiB 14 modules
javascript modules 13.3 KiB
  ./src/App.js 6.89 KiB [code generated]
  ./src/components/CharacterMovieMatch.js 6.41 KiB [built] [code generated]

ERROR in ./src/App.js 3:0-97
Module not found: Error: Can't resolve 'react-router-dom' in '/home/kavia/workspace/code-generation/kollywood-quizmaster-38781-4911cfe1/kollywood_quizmaster/src'
 @ ./src/index.js 5:0-24 14:34-37

ERROR in ./src/App.js 9:0-49
Module not found: Error: Can't resolve './components/MovieBingo' in '/home/kavia/workspace/code-generation/kollywood-quizmaster-38781-4911cfe1/kollywood_quizmaster/src'
 @ ./src/index.js 5:0-24 14:34-37

ERROR in ./src/App.js 10:0-53
Module not found: Error: Can't resolve './components/TimelineQuiz' in '/home/kavia/workspace/code-generation/kollywood-quizmaster-38781-4911cfe1/kollywood_quizmaster/src'
 @ ./src/index.js 5:0-24 14:34-37

ERROR in ./src/App.js 11:0-47
Module not found: Error: Can't resolve './components/SpinWheel' in '/home/kavia/workspace/code-generation/kollywood-quizmaster-38781-4911cfe1/kollywood_quizmaster/src'
 @ ./src/index.js 5:0-24 14:34-37

ERROR in ./src/App.js 12:0-47
Module not found: Error: Can't resolve './components/CastCombo' in '/home/kavia/workspace/code-generation/kollywood-quizmaster-38781-4911cfe1/kollywood_quizmaster/src'
 @ ./src/index.js 5:0-24 14:34-37

ERROR in ./src/App.js 13:0-51
Module not found: Error: Can't resolve './components/ResultsPage' in '/home/kavia/workspace/code-generation/kollywood-quizmaster-38781-4911cfe1/kollywood_quizmaster/src'
 @ ./src/index.js 5:0-24 14:34-37

ERROR in ./src/components/BlurredPosterQuiz.js 3:0-47
Module not found: Error: Can't resolve 'react-router-dom' in '/home/kavia/workspace/code-generation/kollywood-quizmaster-38781-4911cfe1/kollywood_quizmaster/src/components'
 @ ./src/App.js 7:0-63 127:43-60
 @ ./src/index.js 5:0-24 14:34-37

ERROR in ./src/components/CharacterMovieMatch.js 3:0-47
Module not found: Error: Can't resolve 'react-router-dom' in '/home/kavia/workspace/code-generation/kollywood-quizmaster-38781-4911cfe1/kollywood_quizmaster/src/components'
 @ ./src/App.js 8:0-67 133:43-62
 @ ./src/index.js 5:0-24 14:34-37

ERROR in ./src/components/Dashboard.js 2:0-47
Module not found: Error: Can't resolve 'react-router-dom' in '/home/kavia/workspace/code-generation/kollywood-quizmaster-38781-4911cfe1/kollywood_quizmaster/src/components'
 @ ./src/App.js 6:0-47 120:43-52
 @ ./src/index.js 5:0-24 14:34-37

ERROR in ./src/components/Login.js 3:0-47
Module not found: Error: Can't resolve 'react-router-dom' in '/home/kavia/workspace/code-generation/kollywood-quizmaster-38781-4911cfe1/kollywood_quizmaster/src/components'
 @ ./src/App.js 5:0-39 101:43-48
 @ ./src/index.js 5:0-24 14:34-37

ERROR in ./src/index.js 6:0-49
Module not found: Error: Can't resolve 'react-router-dom' in '/home/kavia/workspace/code-generation/kollywood-quizmaster-38781-4911cfe1/kollywood_quizmaster/src'

11 errors have detailed information that is not shown.
Use 'stats.errorDetails: true' resp. '--stats-error-details' to show it.

webpack 5.99.9 compiled with 11 errors in 108 ms
assets by status 1.92 KiB [cached] 1 asset
assets by path *.js 1.47 MiB
  asset bundle.js 1.45 MiB [emitted] (name: main)
  asset main.4cd733dbcf9e6c92f5ba.hot-update.js 21.8 KiB [emitted] [immutable] [hmr] (name: main)
asset main.4cd733dbcf9e6c92f5ba.hot-update.json 28 bytes [emitted] [immutable] [hmr]
Entrypoint main 1.47 MiB = bundle.js 1.45 MiB main.4cd733dbcf9e6c92f5ba.hot-update.js 21.8 KiB
cached modules 1.29 MiB [cached] 47 modules
runtime modules 27.5 KiB 14 modules
javascript modules 11.2 KiB
  ./src/App.js 6.89 KiB [code generated]
  ./src/components/MovieBingo.js 4.32 KiB [built] [code generated]

ERROR in ./src/App.js 3:0-97
Module not found: Error: Can't resolve 'react-router-dom' in '/home/kavia/workspace/code-generation/kollywood-quizmaster-38781-4911cfe1/kollywood_quizmaster/src'
 @ ./src/index.js 5:0-24 14:34-37

ERROR in ./src/App.js 10:0-53
Module not found: Error: Can't resolve './components/TimelineQuiz' in '/home/kavia/workspace/code-generation/kollywood-quizmaster-38781-4911cfe1/kollywood_quizmaster/src'
 @ ./src/index.js 5:0-24 14:34-37

ERROR in ./src/App.js 11:0-47
Module not found: Error: Can't resolve './components/SpinWheel' in '/home/kavia/workspace/code-generation/kollywood-quizmaster-38781-4911cfe1/kollywood_quizmaster/src'
 @ ./src/index.js 5:0-24 14:34-37

ERROR in ./src/App.js 12:0-47
Module not found: Error: Can't resolve './components/CastCombo' in '/home/kavia/workspace/code-generation/kollywood-quizmaster-38781-4911cfe1/kollywood_quizmaster/src'
 @ ./src/index.js 5:0-24 14:34-37

ERROR in ./src/App.js 13:0-51
Module not found: Error: Can't resolve './components/ResultsPage' in '/home/kavia/workspace/code-generation/kollywood-quizmaster-38781-4911cfe1/kollywood_quizmaster/src'
 @ ./src/index.js 5:0-24 14:34-37

ERROR in ./src/components/BlurredPosterQuiz.js 3:0-47
Module not found: Error: Can't resolve 'react-router-dom' in '/home/kavia/workspace/code-generation/kollywood-quizmaster-38781-4911cfe1/kollywood_quizmaster/src/components'
 @ ./src/App.js 7:0-63 127:43-60
 @ ./src/index.js 5:0-24 14:34-37

ERROR in ./src/components/CharacterMovieMatch.js 3:0-47
Module not found: Error: Can't resolve 'react-router-dom' in '/home/kavia/workspace/code-generation/kollywood-quizmaster-38781-4911cfe1/kollywood_quizmaster/src/components'
 @ ./src/App.js 8:0-67 133:43-62
 @ ./src/index.js 5:0-24 14:34-37

ERROR in ./src/components/Dashboard.js 2:0-47
Module not found: Error: Can't resolve 'react-router-dom' in '/home/kavia/workspace/code-generation/kollywood-quizmaster-38781-4911cfe1/kollywood_quizmaster/src/components'
 @ ./src/App.js 6:0-47 120:43-52
 @ ./src/index.js 5:0-24 14:34-37

ERROR in ./src/components/Login.js 3:0-47
Module not found: Error: Can't resolve 'react-router-dom' in '/home/kavia/workspace/code-generation/kollywood-quizmaster-38781-4911cfe1/kollywood_quizmaster/src/components'
 @ ./src/App.js 5:0-39 101:43-48
 @ ./src/index.js 5:0-24 14:34-37

ERROR in ./src/components/MovieBingo.js 3:0-47
Module not found: Error: Can't resolve 'react-router-dom' in '/home/kavia/workspace/code-generation/kollywood-quizmaster-38781-4911cfe1/kollywood_quizmaster/src/components'
 @ ./src/App.js 9:0-49 139:43-53
 @ ./src/index.js 5:0-24 14:34-37

ERROR in ./src/index.js 6:0-49
Module not found: Error: Can't resolve 'react-router-dom' in '/home/kavia/workspace/code-generation/kollywood-quizmaster-38781-4911cfe1/kollywood_quizmaster/src'

11 errors have detailed information that is not shown.
Use 'stats.errorDetails: true' resp. '--stats-error-details' to show it.

webpack 5.99.9 compiled with 11 errors in 88 ms
assets by status 1.92 KiB [cached] 1 asset
assets by path *.js 1.48 MiB
  asset bundle.js 1.46 MiB [emitted] (name: main)
  asset main.986776bf2c854448beb8.hot-update.js 23.9 KiB [emitted] [immutable] [hmr] (name: main)
asset main.986776bf2c854448beb8.hot-update.json 28 bytes [emitted] [immutable] [hmr]
Entrypoint main 1.48 MiB = bundle.js 1.46 MiB main.986776bf2c854448beb8.hot-update.js 23.9 KiB
cached modules 1.29 MiB [cached] 48 modules
runtime modules 27.5 KiB 14 modules
javascript modules 12.9 KiB
  ./src/App.js 6.89 KiB [code generated]
  ./src/components/TimelineQuiz.js 5.97 KiB [built] [code generated]

ERROR in ./src/App.js 3:0-97
Module not found: Error: Can't resolve 'react-router-dom' in '/home/kavia/workspace/code-generation/kollywood-quizmaster-38781-4911cfe1/kollywood_quizmaster/src'
 @ ./src/index.js 5:0-24 14:34-37

ERROR in ./src/App.js 11:0-47
Module not found: Error: Can't resolve './components/SpinWheel' in '/home/kavia/workspace/code-generation/kollywood-quizmaster-38781-4911cfe1/kollywood_quizmaster/src'
 @ ./src/index.js 5:0-24 14:34-37

ERROR in ./src/App.js 12:0-47
Module not found: Error: Can't resolve './components/CastCombo' in '/home/kavia/workspace/code-generation/kollywood-quizmaster-38781-4911cfe1/kollywood_quizmaster/src'
 @ ./src/index.js 5:0-24 14:34-37

ERROR in ./src/App.js 13:0-51
Module not found: Error: Can't resolve './components/ResultsPage' in '/home/kavia/workspace/code-generation/kollywood-quizmaster-38781-4911cfe1/kollywood_quizmaster/src'
 @ ./src/index.js 5:0-24 14:34-37

ERROR in ./src/components/BlurredPosterQuiz.js 3:0-47
Module not found: Error: Can't resolve 'react-router-dom' in '/home/kavia/workspace/code-generation/kollywood-quizmaster-38781-4911cfe1/kollywood_quizmaster/src/components'
 @ ./src/App.js 7:0-63 127:43-60
 @ ./src/index.js 5:0-24 14:34-37

ERROR in ./src/components/CharacterMovieMatch.js 3:0-47
Module not found: Error: Can't resolve 'react-router-dom' in '/home/kavia/workspace/code-generation/kollywood-quizmaster-38781-4911cfe1/kollywood_quizmaster/src/components'
 @ ./src/App.js 8:0-67 133:43-62
 @ ./src/index.js 5:0-24 14:34-37

ERROR in ./src/components/Dashboard.js 2:0-47
Module not found: Error: Can't resolve 'react-router-dom' in '/home/kavia/workspace/code-generation/kollywood-quizmaster-38781-4911cfe1/kollywood_quizmaster/src/components'
 @ ./src/App.js 6:0-47 120:43-52
 @ ./src/index.js 5:0-24 14:34-37

ERROR in ./src/components/Login.js 3:0-47
Module not found: Error: Can't resolve 'react-router-dom' in '/home/kavia/workspace/code-generation/kollywood-quizmaster-38781-4911cfe1/kollywood_quizmaster/src/components'
 @ ./src/App.js 5:0-39 101:43-48
 @ ./src/index.js 5:0-24 14:34-37

ERROR in ./src/components/MovieBingo.js 3:0-47
Module not found: Error: Can't resolve 'react-router-dom' in '/home/kavia/workspace/code-generation/kollywood-quizmaster-38781-4911cfe1/kollywood_quizmaster/src/components'
 @ ./src/App.js 9:0-49 139:43-53
 @ ./src/index.js 5:0-24 14:34-37

ERROR in ./src/components/TimelineQuiz.js 3:0-47
Module not found: Error: Can't resolve 'react-router-dom' in '/home/kavia/workspace/code-generation/kollywood-quizmaster-38781-4911cfe1/kollywood_quizmaster/src/components'
 @ ./src/App.js 10:0-53 145:43-55
 @ ./src/index.js 5:0-24 14:34-37

ERROR in ./src/index.js 6:0-49
Module not found: Error: Can't resolve 'react-router-dom' in '/home/kavia/workspace/code-generation/kollywood-quizmaster-38781-4911cfe1/kollywood_quizmaster/src'

11 errors have detailed information that is not shown.
Use 'stats.errorDetails: true' resp. '--stats-error-details' to show it.

webpack 5.99.9 compiled with 11 errors in 101 ms
assets by status 1.92 KiB [cached] 1 asset
assets by path *.js 1.49 MiB
  asset bundle.js 1.46 MiB [emitted] (name: main)
  asset main.e9e8cdb262d6e39c6c07.hot-update.js 23.2 KiB [emitted] [immutable] [hmr] (name: main)
asset main.e9e8cdb262d6e39c6c07.hot-update.json 28 bytes [emitted] [immutable] [hmr]
Entrypoint main 1.49 MiB = bundle.js 1.46 MiB main.e9e8cdb262d6e39c6c07.hot-update.js 23.2 KiB
cached modules 1.3 MiB [cached] 49 modules
runtime modules 27.5 KiB 14 modules
javascript modules 12.2 KiB
  ./src/App.js 6.89 KiB [code generated]
  ./src/components/SpinWheel.js 5.33 KiB [built] [code generated]

ERROR in ./src/App.js 3:0-97
Module not found: Error: Can't resolve 'react-router-dom' in '/home/kavia/workspace/code-generation/kollywood-quizmaster-38781-4911cfe1/kollywood_quizmaster/src'
 @ ./src/index.js 5:0-24 14:34-37

ERROR in ./src/App.js 12:0-47
Module not found: Error: Can't resolve './components/CastCombo' in '/home/kavia/workspace/code-generation/kollywood-quizmaster-38781-4911cfe1/kollywood_quizmaster/src'
 @ ./src/index.js 5:0-24 14:34-37

ERROR in ./src/App.js 13:0-51
Module not found: Error: Can't resolve './components/ResultsPage' in '/home/kavia/workspace/code-generation/kollywood-quizmaster-38781-4911cfe1/kollywood_quizmaster/src'
 @ ./src/index.js 5:0-24 14:34-37

ERROR in ./src/components/BlurredPosterQuiz.js 3:0-47
Module not found: Error: Can't resolve 'react-router-dom' in '/home/kavia/workspace/code-generation/kollywood-quizmaster-38781-4911cfe1/kollywood_quizmaster/src/components'
 @ ./src/App.js 7:0-63 127:43-60
 @ ./src/index.js 5:0-24 14:34-37

ERROR in ./src/components/CharacterMovieMatch.js 3:0-47
Module not found: Error: Can't resolve 'react-router-dom' in '/home/kavia/workspace/code-generation/kollywood-quizmaster-38781-4911cfe1/kollywood_quizmaster/src/components'
 @ ./src/App.js 8:0-67 133:43-62
 @ ./src/index.js 5:0-24 14:34-37

ERROR in ./src/components/Dashboard.js 2:0-47
Module not found: Error: Can't resolve 'react-router-dom' in '/home/kavia/workspace/code-generation/kollywood-quizmaster-38781-4911cfe1/kollywood_quizmaster/src/components'
 @ ./src/App.js 6:0-47 120:43-52
 @ ./src/index.js 5:0-24 14:34-37

ERROR in ./src/components/Login.js 3:0-47
Module not found: Error: Can't resolve 'react-router-dom' in '/home/kavia/workspace/code-generation/kollywood-quizmaster-38781-4911cfe1/kollywood_quizmaster/src/components'
 @ ./src/App.js 5:0-39 101:43-48
 @ ./src/index.js 5:0-24 14:34-37

ERROR in ./src/components/MovieBingo.js 3:0-47
Module not found: Error: Can't resolve 'react-router-dom' in '/home/kavia/workspace/code-generation/kollywood-quizmaster-38781-4911cfe1/kollywood_quizmaster/src/components'
 @ ./src/App.js 9:0-49 139:43-53
 @ ./src/index.js 5:0-24 14:34-37

ERROR in ./src/components/SpinWheel.js 3:0-47
Module not found: Error: Can't resolve 'react-router-dom' in '/home/kavia/workspace/code-generation/kollywood-quizmaster-38781-4911cfe1/kollywood_quizmaster/src/components'
 @ ./src/App.js 11:0-47 151:43-52
 @ ./src/index.js 5:0-24 14:34-37

ERROR in ./src/components/TimelineQuiz.js 3:0-47
Module not found: Error: Can't resolve 'react-router-dom' in '/home/kavia/workspace/code-generation/kollywood-quizmaster-38781-4911cfe1/kollywood_quizmaster/src/components'
 @ ./src/App.js 10:0-53 145:43-55
 @ ./src/index.js 5:0-24 14:34-37

ERROR in ./src/index.js 6:0-49
Module not found: Error: Can't resolve 'react-router-dom' in '/home/kavia/workspace/code-generation/kollywood-quizmaster-38781-4911cfe1/kollywood_quizmaster/src'

11 errors have detailed information that is not shown.
Use 'stats.errorDetails: true' resp. '--stats-error-details' to show it.

webpack 5.99.9 compiled with 11 errors in 82 ms
assets by status 1.92 KiB [cached] 1 asset
assets by path *.js 1.49 MiB
  asset bundle.js 1.47 MiB [emitted] (name: main)
  asset main.c8a7d718e556924e01c3.hot-update.js 22.4 KiB [emitted] [immutable] [hmr] (name: main)
asset main.c8a7d718e556924e01c3.hot-update.json 28 bytes [emitted] [immutable] [hmr]
Entrypoint main 1.49 MiB = bundle.js 1.47 MiB main.c8a7d718e556924e01c3.hot-update.js 22.4 KiB
cached modules 1.3 MiB [cached] 50 modules
runtime modules 27.5 KiB 14 modules
javascript modules 11.7 KiB
  ./src/App.js 6.89 KiB [code generated]
  ./src/components/CastCombo.js 4.82 KiB [built] [code generated]

ERROR in ./src/App.js 3:0-97
Module not found: Error: Can't resolve 'react-router-dom' in '/home/kavia/workspace/code-generation/kollywood-quizmaster-38781-4911cfe1/kollywood_quizmaster/src'
 @ ./src/index.js 5:0-24 14:34-37

ERROR in ./src/App.js 13:0-51
Module not found: Error: Can't resolve './components/ResultsPage' in '/home/kavia/workspace/code-generation/kollywood-quizmaster-38781-4911cfe1/kollywood_quizmaster/src'
 @ ./src/index.js 5:0-24 14:34-37

ERROR in ./src/components/BlurredPosterQuiz.js 3:0-47
Module not found: Error: Can't resolve 'react-router-dom' in '/home/kavia/workspace/code-generation/kollywood-quizmaster-38781-4911cfe1/kollywood_quizmaster/src/components'
 @ ./src/App.js 7:0-63 127:43-60
 @ ./src/index.js 5:0-24 14:34-37

ERROR in ./src/components/CastCombo.js 3:0-47
Module not found: Error: Can't resolve 'react-router-dom' in '/home/kavia/workspace/code-generation/kollywood-quizmaster-38781-4911cfe1/kollywood_quizmaster/src/components'
 @ ./src/App.js 12:0-47 157:43-52
 @ ./src/index.js 5:0-24 14:34-37

ERROR in ./src/components/CharacterMovieMatch.js 3:0-47
Module not found: Error: Can't resolve 'react-router-dom' in '/home/kavia/workspace/code-generation/kollywood-quizmaster-38781-4911cfe1/kollywood_quizmaster/src/components'
 @ ./src/App.js 8:0-67 133:43-62
 @ ./src/index.js 5:0-24 14:34-37

ERROR in ./src/components/Dashboard.js 2:0-47
Module not found: Error: Can't resolve 'react-router-dom' in '/home/kavia/workspace/code-generation/kollywood-quizmaster-38781-4911cfe1/kollywood_quizmaster/src/components'
 @ ./src/App.js 6:0-47 120:43-52
 @ ./src/index.js 5:0-24 14:34-37

ERROR in ./src/components/Login.js 3:0-47
Module not found: Error: Can't resolve 'react-router-dom' in '/home/kavia/workspace/code-generation/kollywood-quizmaster-38781-4911cfe1/kollywood_quizmaster/src/components'
 @ ./src/App.js 5:0-39 101:43-48
 @ ./src/index.js 5:0-24 14:34-37

ERROR in ./src/components/MovieBingo.js 3:0-47
Module not found: Error: Can't resolve 'react-router-dom' in '/home/kavia/workspace/code-generation/kollywood-quizmaster-38781-4911cfe1/kollywood_quizmaster/src/components'
 @ ./src/App.js 9:0-49 139:43-53
 @ ./src/index.js 5:0-24 14:34-37

ERROR in ./src/components/SpinWheel.js 3:0-47
Module not found: Error: Can't resolve 'react-router-dom' in '/home/kavia/workspace/code-generation/kollywood-quizmaster-38781-4911cfe1/kollywood_quizmaster/src/components'
 @ ./src/App.js 11:0-47 151:43-52
 @ ./src/index.js 5:0-24 14:34-37

ERROR in ./src/components/TimelineQuiz.js 3:0-47
Module not found: Error: Can't resolve 'react-router-dom' in '/home/kavia/workspace/code-generation/kollywood-quizmaster-38781-4911cfe1/kollywood_quizmaster/src/components'
 @ ./src/App.js 10:0-53 145:43-55
 @ ./src/index.js 5:0-24 14:34-37

ERROR in ./src/index.js 6:0-49
Module not found: Error: Can't resolve 'react-router-dom' in '/home/kavia/workspace/code-generation/kollywood-quizmaster-38781-4911cfe1/kollywood_quizmaster/src'

11 errors have detailed information that is not shown.
Use 'stats.errorDetails: true' resp. '--stats-error-details' to show it.

webpack 5.99.9 compiled with 11 errors in 76 ms
assets by status 1.92 KiB [cached] 1 asset
assets by path *.js 1.49 MiB
  asset bundle.js 1.47 MiB [emitted] (name: main)
  asset main.3a2b4cb4e34f07278cbc.hot-update.js 18.9 KiB [emitted] [immutable] [hmr] (name: main)
asset main.3a2b4cb4e34f07278cbc.hot-update.json 28 bytes [emitted] [immutable] [hmr]
Entrypoint main 1.49 MiB = bundle.js 1.47 MiB main.3a2b4cb4e34f07278cbc.hot-update.js 18.9 KiB
cached modules 1.31 MiB [cached] 51 modules
runtime modules 27.5 KiB 14 modules
javascript modules 8.8 KiB
  ./src/App.js 6.89 KiB [code generated]
  ./src/components/ResultsPage.js 1.91 KiB [built] [code generated]

ERROR in ./src/App.js 3:0-97
Module not found: Error: Can't resolve 'react-router-dom' in '/home/kavia/workspace/code-generation/kollywood-quizmaster-38781-4911cfe1/kollywood_quizmaster/src'
 @ ./src/index.js 5:0-24 14:34-37

ERROR in ./src/components/BlurredPosterQuiz.js 3:0-47
Module not found: Error: Can't resolve 'react-router-dom' in '/home/kavia/workspace/code-generation/kollywood-quizmaster-38781-4911cfe1/kollywood_quizmaster/src/components'
 @ ./src/App.js 7:0-63 127:43-60
 @ ./src/index.js 5:0-24 14:34-37

ERROR in ./src/components/CastCombo.js 3:0-47
Module not found: Error: Can't resolve 'react-router-dom' in '/home/kavia/workspace/code-generation/kollywood-quizmaster-38781-4911cfe1/kollywood_quizmaster/src/components'
 @ ./src/App.js 12:0-47 157:43-52
 @ ./src/index.js 5:0-24 14:34-37

ERROR in ./src/components/CharacterMovieMatch.js 3:0-47
Module not found: Error: Can't resolve 'react-router-dom' in '/home/kavia/workspace/code-generation/kollywood-quizmaster-38781-4911cfe1/kollywood_quizmaster/src/components'
 @ ./src/App.js 8:0-67 133:43-62
 @ ./src/index.js 5:0-24 14:34-37

ERROR in ./src/components/Dashboard.js 2:0-47
Module not found: Error: Can't resolve 'react-router-dom' in '/home/kavia/workspace/code-generation/kollywood-quizmaster-38781-4911cfe1/kollywood_quizmaster/src/components'
 @ ./src/App.js 6:0-47 120:43-52
 @ ./src/index.js 5:0-24 14:34-37

ERROR in ./src/components/Login.js 3:0-47
Module not found: Error: Can't resolve 'react-router-dom' in '/home/kavia/workspace/code-generation/kollywood-quizmaster-38781-4911cfe1/kollywood_quizmaster/src/components'
 @ ./src/App.js 5:0-39 101:43-48
 @ ./src/index.js 5:0-24 14:34-37

ERROR in ./src/components/MovieBingo.js 3:0-47
Module not found: Error: Can't resolve 'react-router-dom' in '/home/kavia/workspace/code-generation/kollywood-quizmaster-38781-4911cfe1/kollywood_quizmaster/src/components'
 @ ./src/App.js 9:0-49 139:43-53
 @ ./src/index.js 5:0-24 14:34-37

ERROR in ./src/components/ResultsPage.js 2:0-71
Module not found: Error: Can't resolve 'react-router-dom' in '/home/kavia/workspace/code-generation/kollywood-quizmaster-38781-4911cfe1/kollywood_quizmaster/src/components'
 @ ./src/App.js 13:0-51 163:43-54
 @ ./src/index.js 5:0-24 14:34-37

ERROR in ./src/components/SpinWheel.js 3:0-47
Module not found: Error: Can't resolve 'react-router-dom' in '/home/kavia/workspace/code-generation/kollywood-quizmaster-38781-4911cfe1/kollywood_quizmaster/src/components'
 @ ./src/App.js 11:0-47 151:43-52
 @ ./src/index.js 5:0-24 14:34-37

ERROR in ./src/components/TimelineQuiz.js 3:0-47
Module not found: Error: Can't resolve 'react-router-dom' in '/home/kavia/workspace/code-generation/kollywood-quizmaster-38781-4911cfe1/kollywood_quizmaster/src/components'
 @ ./src/App.js 10:0-53 145:43-55
 @ ./src/index.js 5:0-24 14:34-37

ERROR in ./src/index.js 6:0-49
Module not found: Error: Can't resolve 'react-router-dom' in '/home/kavia/workspace/code-generation/kollywood-quizmaster-38781-4911cfe1/kollywood_quizmaster/src'

11 errors have detailed information that is not shown.
Use 'stats.errorDetails: true' resp. '--stats-error-details' to show it.

webpack 5.99.9 compiled with 11 errors in 52 ms
assets by status 1.48 MiB [cached] 2 assets
cached modules 1.32 MiB (javascript) 27.5 KiB (runtime) [cached] 67 modules

LOG from webpack.FileSystemInfo
<w> Managed item /home/kavia/workspace/code-generation/kollywood-quizmaster-38781-4911cfe1/kollywood_quizmaster/node_modules/react-router-dom isn't a directory or doesn't contain a package.json (see snapshot.managedPaths option)
+ 13 hidden lines

ERROR in ./src/App.js 3:0-97
Module not found: Error: Can't resolve 'react-router-dom' in '/home/kavia/workspace/code-generation/kollywood-quizmaster-38781-4911cfe1/kollywood_quizmaster/src'
 @ ./src/index.js 5:0-24 14:34-37

ERROR in ./src/components/BlurredPosterQuiz.js 3:0-47
Module not found: Error: Can't resolve 'react-router-dom' in '/home/kavia/workspace/code-generation/kollywood-quizmaster-38781-4911cfe1/kollywood_quizmaster/src/components'
 @ ./src/App.js 7:0-63 127:43-60
 @ ./src/index.js 5:0-24 14:34-37

ERROR in ./src/components/CastCombo.js 3:0-47
Module not found: Error: Can't resolve 'react-router-dom' in '/home/kavia/workspace/code-generation/kollywood-quizmaster-38781-4911cfe1/kollywood_quizmaster/src/components'
 @ ./src/App.js 12:0-47 157:43-52
 @ ./src/index.js 5:0-24 14:34-37

ERROR in ./src/components/CharacterMovieMatch.js 3:0-47
Module not found: Error: Can't resolve 'react-router-dom' in '/home/kavia/workspace/code-generation/kollywood-quizmaster-38781-4911cfe1/kollywood_quizmaster/src/components'
 @ ./src/App.js 8:0-67 133:43-62
 @ ./src/index.js 5:0-24 14:34-37

ERROR in ./src/components/Dashboard.js 2:0-47
Module not found: Error: Can't resolve 'react-router-dom' in '/home/kavia/workspace/code-generation/kollywood-quizmaster-38781-4911cfe1/kollywood_quizmaster/src/components'
 @ ./src/App.js 6:0-47 120:43-52
 @ ./src/index.js 5:0-24 14:34-37

ERROR in ./src/components/Login.js 3:0-47
Module not found: Error: Can't resolve 'react-router-dom' in '/home/kavia/workspace/code-generation/kollywood-quizmaster-38781-4911cfe1/kollywood_quizmaster/src/components'
 @ ./src/App.js 5:0-39 101:43-48
 @ ./src/index.js 5:0-24 14:34-37

ERROR in ./src/components/MovieBingo.js 3:0-47
Module not found: Error: Can't resolve 'react-router-dom' in '/home/kavia/workspace/code-generation/kollywood-quizmaster-38781-4911cfe1/kollywood_quizmaster/src/components'
 @ ./src/App.js 9:0-49 139:43-53
 @ ./src/index.js 5:0-24 14:34-37

ERROR in ./src/components/ResultsPage.js 2:0-71
Module not found: Error: Can't resolve 'react-router-dom' in '/home/kavia/workspace/code-generation/kollywood-quizmaster-38781-4911cfe1/kollywood_quizmaster/src/components'
 @ ./src/App.js 13:0-51 163:43-54
 @ ./src/index.js 5:0-24 14:34-37

ERROR in ./src/components/SpinWheel.js 3:0-47
Module not found: Error: Can't resolve 'react-router-dom' in '/home/kavia/workspace/code-generation/kollywood-quizmaster-38781-4911cfe1/kollywood_quizmaster/src/components'
 @ ./src/App.js 11:0-47 151:43-52
 @ ./src/index.js 5:0-24 14:34-37

ERROR in ./src/components/TimelineQuiz.js 3:0-47
Module not found: Error: Can't resolve 'react-router-dom' in '/home/kavia/workspace/code-generation/kollywood-quizmaster-38781-4911cfe1/kollywood_quizmaster/src/components'
 @ ./src/App.js 10:0-53 145:43-55
 @ ./src/index.js 5:0-24 14:34-37

ERROR in ./src/index.js 6:0-49
Module not found: Error: Can't resolve 'react-router-dom' in '/home/kavia/workspace/code-generation/kollywood-quizmaster-38781-4911cfe1/kollywood_quizmaster/src'

11 errors have detailed information that is not shown.
Use 'stats.errorDetails: true' resp. '--stats-error-details' to show it.

webpack 5.99.9 compiled with 11 errors in 37 ms
assets by status 1.92 KiB [cached] 1 asset
assets by path *.js 2.35 MiB
  asset bundle.js 1.87 MiB [emitted] (name: main)
  asset main.de15c92a16d66c2dbc21.hot-update.js 492 KiB [emitted] [immutable] [hmr] (name: main)
asset main.de15c92a16d66c2dbc21.hot-update.json 28 bytes [emitted] [immutable] [hmr]
Entrypoint main 2.35 MiB = bundle.js 1.87 MiB main.de15c92a16d66c2dbc21.hot-update.js 492 KiB
cached modules 1.27 MiB [cached] 42 modules
runtime modules 27.5 KiB 14 modules
orphan modules 12.8 KiB [orphan] 3 modules
javascript modules 432 KiB
  modules by path ./src/ 52.3 KiB
    modules by path ./src/components/*.js 44.7 KiB
      ./src/components/Login.js 2.58 KiB [code generated]
      + 8 modules
    modules by path ./src/*.js 7.56 KiB
      ./src/index.js 688 bytes [code generated]
      ./src/App.js 6.89 KiB [code generated]
  built modules 379 KiB [built]
    ./node_modules/react-router/dist/development/chunk-NL6KNZEE.mjs 365 KiB [built] [code generated]
    ./node_modules/react-router/node_modules/cookie/dist/index.js 8.14 KiB [built] [code generated]
    ./node_modules/set-cookie-parser/lib/set-cookie.js 6.47 KiB [built] [code generated]
webpack 5.99.9 compiled successfully in 319 ms
assets by status 1.87 MiB [cached] 2 assets
cached modules 1.7 MiB (javascript) 27.5 KiB (runtime) [cached] 73 modules
webpack 5.99.9 compiled successfully in 28 ms
Injecting EditorRootWrapper import: ../.ve/EditorRootWrapper
assets by path *.js 1.87 MiB
  asset bundle.js 1.87 MiB [emitted] (name: main)
  asset main.09f4e7db4f811cadcd59.hot-update.js 854 bytes [emitted] [immutable] [hmr] (name: main)
asset index.html 1.92 KiB [emitted]
asset main.09f4e7db4f811cadcd59.hot-update.json 28 bytes [emitted] [immutable] [hmr]
Entrypoint main 1.87 MiB = bundle.js 1.87 MiB main.09f4e7db4f811cadcd59.hot-update.js 854 bytes
cached modules 1.63 MiB [cached] 43 modules
runtime modules 27.5 KiB 14 modules
javascript modules 69.6 KiB
  modules by path ./src/ 57.4 KiB
    modules by path ./src/components/*.js 44.7 KiB
      ./src/components/Login.js 2.58 KiB [built]
      + 8 modules
    modules by path ./src/*.js 12.6 KiB
      ./src/index.js 688 bytes [built]
      ./src/App.js 6.89 KiB [built]
      + 2 modules
  modules by path ./.ve/ 12.2 KiB
    ./.ve/EditorRootWrapper.js 2.68 KiB [built]
    ./.ve/EditorOverlay.jsx 1.58 KiB [built]
    ./.ve/SidePanel.js 7.93 KiB [built]
webpack 5.99.9 compiled successfully in 355 ms
